Running: C:\Xilinx\14.7\ISE_DS\ISE\bin\nt64\unwrapped\fuse.exe -intstyle ise -incremental -o C:/Users/lab/Desktop/QUIZ10.06v2/QUIZ10.06/QUIZ3.06/OUTPUT_tb_isim_beh.exe -prj C:/Users/lab/Desktop/QUIZ10.06v2/QUIZ10.06/QUIZ3.06/OUTPUT_tb_beh.prj work.OUTPUT_tb 
ISim P.20131013 (signature 0x7708f090)
Number of CPUs detected in this system: 12
Turning on mult-threading, number of parallel sub-compilation jobs: 24 
Determining compilation order of HDL files
Parsing VHDL file "C:/Users/lab/Desktop/QUIZ10.06v2/QUIZ10.06/QUIZ3.06/OUTPUT.vhd" into library work
Parsing VHDL file "C:/Users/lab/Desktop/QUIZ10.06v2/QUIZ10.06/QUIZ3.06/OUTPUT_tb.vhd" into library work
Starting static elaboration
Completed static elaboration
Compiling package standard
Compiling package std_logic_1164
Compiling package numeric_std
Compiling architecture behavioral of entity OUTPUT [output_default]
Compiling architecture behavioral of entity output_tb
Time Resolution for simulation is 1ps.
Waiting for 1 sub-compilation(s) to finish...
Compiled 6 VHDL Units
Built simulation executable C:/Users/lab/Desktop/QUIZ10.06v2/QUIZ10.06/QUIZ3.06/OUTPUT_tb_isim_beh.exe
Fuse Memory Usage: 36296 KB
Fuse CPU Usage: 343 ms
