Release 14.7 - xst P.20131013 (nt64)
Copyright (c) 1995-2013 Xilinx, Inc.  All rights reserved.
--> Parameter TMPDIR set to xst/projnav.tmp


Total REAL time to Xst completion: 0.00 secs
Total CPU time to Xst completion: 0.09 secs
 
--> Parameter xsthdpdir set to xst


Total REAL time to Xst completion: 0.00 secs
Total CPU time to Xst completion: 0.09 secs
 
--> WARNING:Xst:1583 - You are using an internal switch '-use_new_parser'.
WARNING:Xst:3152 - You have chosen to run a version of XST which is not the default solution
   for the specified device family. You are free to use it in order to take
   advantage of its enhanced HDL parsing/elaboration capabilities. However,
   please be aware that you may be impacted by  language support differences.
   This version may also result in circuit performance and device utilization
   differences for your particular design. You can always revert back to the
   default XST solution by setting the "use_new_parser" option to value "no" 
   on the XST command line or in the XST process properties panel.
Reading design: keyboard_test1.prj

TABLE OF CONTENTS
  1) Synthesis Options Summary
  2) HDL Parsing
  3) HDL Elaboration
  4) HDL Synthesis
       4.1) HDL Synthesis Report
  5) Advanced HDL Synthesis
       5.1) Advanced HDL Synthesis Report
  6) Low Level Synthesis
  7) Partition Report
  8) Design Summary
       8.1) Primitive and Black Box Usage
       8.2) Device utilization summary
       8.3) Partition Resource Summary
       8.4) Timing Report
            8.4.1) Clock Information
            8.4.2) Asynchronous Control Signals Information
            8.4.3) Timing Summary
            8.4.4) Timing Details
            8.4.5) Cross Clock Domains Report


=========================================================================
*                      Synthesis Options Summary                        *
=========================================================================
---- Source Parameters
Input File Name                    : "keyboard_test1.prj"
Input Format                       : mixed
Ignore Synthesis Constraint File   : NO

---- Target Parameters
Output File Name                   : "keyboard_test1"
Output Format                      : NGC
Target Device                      : xc3s500e-5-vq100

---- Source Options
Use New Parser                     : yes
Top Module Name                    : keyboard_test1
Automatic FSM Extraction           : YES
FSM Encoding Algorithm             : Auto
Safe Implementation                : No
FSM Style                          : LUT
RAM Extraction                     : Yes
RAM Style                          : Auto
ROM Extraction                     : Yes
Mux Style                          : Auto
Decoder Extraction                 : YES
Priority Encoder Extraction        : Yes
Shift Register Extraction          : YES
Logical Shifter Extraction         : YES
XOR Collapsing                     : YES
ROM Style                          : Auto
Mux Extraction                     : Yes
Resource Sharing                   : YES
Asynchronous To Synchronous        : NO
Multiplier Style                   : Auto
Automatic Register Balancing       : No

---- Target Options
Add IO Buffers                     : YES
Global Maximum Fanout              : 100000
Add Generic Clock Buffer(BUFG)     : 24
Register Duplication               : YES
Slice Packing                      : YES
Optimize Instantiated Primitives   : NO
Use Clock Enable                   : Yes
Use Synchronous Set                : Yes
Use Synchronous Reset              : Yes
Pack IO Registers into IOBs        : Auto
Equivalent register Removal        : YES

---- General Options
Optimization Goal                  : Speed
Optimization Effort                : 1
Keep Hierarchy                     : No
Netlist Hierarchy                  : As_Optimized
RTL Output                         : Yes
Global Optimization                : AllClockNets
Read Cores                         : YES
Write Timing Constraints           : NO
Cross Clock Analysis               : NO
Hierarchy Separator                : /
Bus Delimiter                      : <>
Case Specifier                     : Maintain
Slice Utilization Ratio            : 100
BRAM Utilization Ratio             : 100
Verilog 2001                       : YES
Auto BRAM Packing                  : NO
Slice Utilization Ratio Delta      : 5

=========================================================================


=========================================================================
*                          HDL Parsing                                  *
=========================================================================
Parsing VHDL file "C:\Users\lab\Desktop\QUIZ10.06\QUIZ3.06\keyboard_test1.vhf" into library work
Parsing entity <keyboard_test1>.
Parsing architecture <BEHAVIORAL> of entity <keyboard_test1>.

=========================================================================
*                            HDL Elaboration                            *
=========================================================================

Elaborating entity <keyboard_test1> (architecture <BEHAVIORAL>) from library <work>.
WARNING:HDLCompiler:89 - "C:\Users\lab\Desktop\QUIZ10.06\QUIZ3.06\keyboard_test1.vhf" Line 37: <ps2_kbd> remains a black-box since it has no binding entity.

=========================================================================
*                           HDL Synthesis                               *
=========================================================================

Synthesizing Unit <keyboard_test1>.
    Related source file is "C:\Users\lab\Desktop\QUIZ10.06\QUIZ3.06\keyboard_test1.vhf".
INFO:Xst:3210 - "C:\Users\lab\Desktop\QUIZ10.06\QUIZ3.06\keyboard_test1.vhf" line 49: Output port <E0> of the instance <XLXI_5> is unconnected or connected to loadless signal.
INFO:Xst:3210 - "C:\Users\lab\Desktop\QUIZ10.06\QUIZ3.06\keyboard_test1.vhf" line 49: Output port <F0> of the instance <XLXI_5> is unconnected or connected to loadless signal.
INFO:Xst:3210 - "C:\Users\lab\Desktop\QUIZ10.06\QUIZ3.06\keyboard_test1.vhf" line 49: Output port <DO_Rdy> of the instance <XLXI_5> is unconnected or connected to loadless signal.
    Summary:
	no macro.
Unit <keyboard_test1> synthesized.

=========================================================================
HDL Synthesis Report

Found no macro
=========================================================================

=========================================================================
*                       Advanced HDL Synthesis                          *
=========================================================================

Reading core <PS2_Kbd.ngc>.
Loading core <PS2_Kbd> for timing and area information for instance <XLXI_5>.

=========================================================================
Advanced HDL Synthesis Report

Found no macro
=========================================================================

=========================================================================
*                         Low Level Synthesis                           *
=========================================================================

Optimizing unit <keyboard_test1> ...

Mapping all equations...
Building and optimizing final netlist ...
Found area constraint ratio of 100 (+ 5) on block keyboard_test1, actual ratio is 0.

Final Macro Processing ...

=========================================================================
Final Register Report

Found no macro
=========================================================================

=========================================================================
*                           Partition Report                            *
=========================================================================

Partition Implementation Status
-------------------------------

  No Partitions were found in this design.

-------------------------------

=========================================================================
*                            Design Summary                             *
=========================================================================

Top Level Output File Name         : keyboard_test1.ngc

Primitive and Black Box Usage:
------------------------------
# BELS                             : 57
#      GND                         : 1
#      INV                         : 4
#      LUT1                        : 7
#      LUT2                        : 10
#      LUT3                        : 7
#      LUT4                        : 8
#      LUT4_D                      : 1
#      LUT4_L                      : 3
#      MUXCY                       : 7
#      VCC                         : 1
#      XORCY                       : 8
# FlipFlops/Latches                : 37
#      FD                          : 11
#      FDE                         : 16
#      FDR                         : 1
#      FDRE                        : 9
# Clock Buffers                    : 1
#      BUFGP                       : 1
# IO Buffers                       : 10
#      IBUF                        : 2
#      OBUF                        : 8

Device utilization summary:
---------------------------

Selected Device : 3s500evq100-5 

 Number of Slices:                       25  out of   4656     0%  
 Number of Slice Flip Flops:             37  out of   9312     0%  
 Number of 4 input LUTs:                 40  out of   9312     0%  
 Number of IOs:                          12
 Number of bonded IOBs:                  11  out of     66    16%  
 Number of GCLKs:                         1  out of     24     4%  

---------------------------
Partition Resource Summary:
---------------------------

  No Partitions were found in this design.

---------------------------


=========================================================================
Timing Report

NOTE: THESE TIMING NUMBERS ARE ONLY A SYNTHESIS ESTIMATE.
      FOR ACCURATE TIMING INFORMATION PLEASE REFER TO THE TRACE REPORT
      GENERATED AFTER PLACE-and-ROUTE.

Clock Information:
------------------
-----------------------------------+------------------------+-------+
Clock Signal                       | Clock buffer(FF name)  | Load  |
-----------------------------------+------------------------+-------+
Clk_50MHz                          | BUFGP                  | 37    |
-----------------------------------+------------------------+-------+

Asynchronous Control Signals Information:
----------------------------------------
No asynchronous control signals found in this design

Timing Summary:
---------------
Speed Grade: -5

   Minimum period: 5.207ns (Maximum Frequency: 192.060MHz)
   Minimum input arrival time before clock: 3.490ns
   Maximum output required time after clock: 4.285ns
   Maximum combinational path delay: No path found

Timing Details:
---------------
All values displayed in nanoseconds (ns)

=========================================================================
Timing constraint: Default period analysis for Clock 'Clk_50MHz'
  Clock period: 5.207ns (frequency: 192.060MHz)
  Total number of paths / destination ports: 298 / 70
-------------------------------------------------------------------------
Delay:               5.207ns (Levels of Logic = 3)
  Source:            XLXI_5/cnt8b_4 (FF)
  Destination:       XLXI_5/cntMod11_0 (FF)
  Source Clock:      Clk_50MHz rising
  Destination Clock: Clk_50MHz rising

  Data Path: XLXI_5/cnt8b_4 to XLXI_5/cntMod11_0
                                Gate     Net
    Cell:in->out      fanout   Delay   Delay  Logical Name (Net Name)
    ----------------------------------------  ------------
     FD:C->Q               2   0.514   0.532  cnt8b_4 (cnt8b<4>)
     LUT4:I0->O            1   0.612   0.426  PS_Samp_cmp_eq00009 (PS_Samp_cmp_eq00009)
     LUT2:I1->O            7   0.612   0.605  PS_Samp_cmp_eq000010 (PS_Samp)
     LUT4:I3->O            4   0.612   0.499  cntMod11_or000016 (cntMod11_or0000)
     FDRE:R                    0.795          cntMod11_0
    ----------------------------------------
    Total                      5.207ns (3.145ns logic, 2.062ns route)
                                       (60.4% logic, 39.6% route)

=========================================================================
Timing constraint: Default OFFSET IN BEFORE for Clock 'Clk_50MHz'
  Total number of paths / destination ports: 3 / 3
-------------------------------------------------------------------------
Offset:              3.490ns (Levels of Logic = 4)
  Source:            PS2_Data (PAD)
  Destination:       XLXI_5/ByteRdy (FF)
  Destination Clock: Clk_50MHz rising

  Data Path: PS2_Data to XLXI_5/ByteRdy
                                Gate     Net
    Cell:in->out      fanout   Delay   Delay  Logical Name (Net Name)
    ----------------------------------------  ------------
     IBUF:I->O             2   1.106   0.532  PS2_Data_IBUF (PS2_Data_IBUF)
     begin scope: 'XLXI_5:PS2_Data'
     LUT2:I0->O            1   0.612   0.360  ByteRdy_and0000_SW0_SW0 (N6)
     LUT4:I3->O            1   0.612   0.000  ByteRdy_and0000 (ByteRdy_and0000)
     FDR:D                     0.268          ByteRdy
    ----------------------------------------
    Total                      3.490ns (2.598ns logic, 0.892ns route)
                                       (74.4% logic, 25.6% route)

=========================================================================
Timing constraint: Default OFFSET OUT AFTER for Clock 'Clk_50MHz'
  Total number of paths / destination ports: 8 / 8
-------------------------------------------------------------------------
Offset:              4.285ns (Levels of Logic = 2)
  Source:            XLXI_5/reg11b_5 (FF)
  Destination:       led<4> (PAD)
  Source Clock:      Clk_50MHz rising

  Data Path: XLXI_5/reg11b_5 to led<4>
                                Gate     Net
    Cell:in->out      fanout   Delay   Delay  Logical Name (Net Name)
    ----------------------------------------  ------------
     FDE:C->Q              7   0.514   0.602  reg11b_5 (DO<4>)
     end scope: 'XLXI_5:DO<4>'
     OBUF:I->O                 3.169          led_4_OBUF (led<4>)
    ----------------------------------------
    Total                      4.285ns (3.683ns logic, 0.602ns route)
                                       (86.0% logic, 14.0% route)

=========================================================================

Cross Clock Domains Report:
--------------------------

Clock to Setup on destination clock Clk_50MHz
---------------+---------+---------+---------+---------+
               | Src:Rise| Src:Fall| Src:Rise| Src:Fall|
Source Clock   |Dest:Rise|Dest:Rise|Dest:Fall|Dest:Fall|
---------------+---------+---------+---------+---------+
Clk_50MHz      |    5.207|         |         |         |
---------------+---------+---------+---------+---------+

=========================================================================


Total REAL time to Xst completion: 4.00 secs
Total CPU time to Xst completion: 3.91 secs
 
WARNING:Xst:3152 - You have chosen to run a version of XST which is not the default solution
   for the specified device family. You are free to use it in order to take
   advantage of its enhanced HDL parsing/elaboration capabilities. However,
   please be aware that you may be impacted by  language support differences.
   This version may also result in circuit performance and device utilization
   differences for your particular design. You can always revert back to the
   default XST solution by setting the "use_new_parser" option to value "no" 
   on the XST command line or in the XST process properties panel.
--> 

Total memory usage is 4487652 kilobytes

Number of errors   :    0 (   0 filtered)
Number of warnings :    4 (   0 filtered)
Number of infos    :    3 (   0 filtered)

