AR quiz behavioral "C:/Users/lab/Desktop/PROJEKT QUIZ 3.06/QUIZ3.06/QUIZ.vhd" sub00/vhpl03 1748957866
AR generatorliczblosowych behavioral "C:/Users/lab/Desktop/PROJEKT QUIZ 3.06/QUIZ3.06/rng.vhd" sub00/vhpl01 1748957408
EN generatorliczblosowych NULL "C:/Users/lab/Desktop/PROJEKT QUIZ 3.06/QUIZ3.06/rng.vhd" sub00/vhpl00 1748957407
EN quiz NULL "C:/Users/lab/Desktop/PROJEKT QUIZ 3.06/QUIZ3.06/QUIZ.vhd" sub00/vhpl02 1748957865
