--------------------------------------------------------------------------------
Release 14.7 Trace  (nt64)
Copyright (c) 1995-2013 Xilinx, Inc.  All rights reserved.

C:\Xilinx\14.7\ISE_DS\ISE\bin\nt64\unwrapped\trce.exe -intstyle ise -v 3 -s 5
-n 3 -fastpaths -xml GeneratorLiczbLosowych.twx GeneratorLiczbLosowych.ncd -o
GeneratorLiczbLosowych.twr GeneratorLiczbLosowych.pcf

Design file:              GeneratorLiczbLosowych.ncd
Physical constraint file: GeneratorLiczbLosowych.pcf
Device,package,speed:     xc3s500e,vq100,-5 (PRODUCTION 1.27 2013-10-13)
Report level:             verbose report

Environment Variable      Effect 
--------------------      ------ 
NONE                      No environment variables were set
--------------------------------------------------------------------------------

INFO:Timing:2698 - No timing constraints found, doing default enumeration.
INFO:Timing:3412 - To improve timing, see the Timing Closure User Guide (UG612).
INFO:Timing:2752 - To get complete path coverage, use the unconstrained paths 
   option. All paths that are not constrained will be reported in the 
   unconstrained paths section(s) of the report.
INFO:Timing:3339 - The clock-to-out numbers in this timing report are based on 
   a 50 Ohm transmission line loading model.  For the details of this model, 
   and for more information on accounting for different loading conditions, 
   please see the device datasheet.
INFO:Timing:3390 - This architecture does not support a default System Jitter 
   value, please add SYSTEM_JITTER constraint to the UCF to modify the Clock 
   Uncertainty calculation.
INFO:Timing:3389 - This architecture does not support 'Discrete Jitter' and 
   'Phase Error' calculations, these terms will be zero in the Clock 
   Uncertainty calculation.  Please make appropriate modification to 
   SYSTEM_JITTER to account for the unsupported Discrete Jitter and Phase 
   Error.



Data Sheet report:
-----------------
All values displayed in nanoseconds (ns)

Clock set to Pad
------------+------------+------------------+--------+
            | clk (edge) |                  | Clock  |
Destination |   to PAD   |Internal Clock(s) | Phase  |
------------+------------+------------------+--------+
rand<0>     |    7.409(R)|set_BUFGP         |   0.000|
rand<1>     |    7.864(R)|set_BUFGP         |   0.000|
rand<2>     |    6.802(R)|set_BUFGP         |   0.000|
rand<3>     |    6.975(R)|set_BUFGP         |   0.000|
rand<4>     |    7.106(R)|set_BUFGP         |   0.000|
rand<5>     |    7.138(R)|set_BUFGP         |   0.000|
rand<6>     |    7.682(R)|set_BUFGP         |   0.000|
rand<7>     |    7.488(R)|set_BUFGP         |   0.000|
------------+------------+------------------+--------+

Clock to Setup on destination clock set
---------------+---------+---------+---------+---------+
               | Src:Rise| Src:Fall| Src:Rise| Src:Fall|
Source Clock   |Dest:Rise|Dest:Rise|Dest:Fall|Dest:Fall|
---------------+---------+---------+---------+---------+
set            |    1.780|         |         |         |
---------------+---------+---------+---------+---------+


Analysis completed Tue Jun 03 15:30:27 2025 
--------------------------------------------------------------------------------

Trace Settings:
-------------------------
Trace Settings 

Peak Memory Usage: 4510 MB



